#-----------------------------------------------------------
# Vivado v2025.2.1 (64-bit)
# SW Build 6403652 on Thu Mar 19 13:47:00 MDT 2026
# IP Build 6403511 on Thu Mar 19 12:41:45 MDT 2026
# SharedData Build 6403650 on Thu Mar 19 14:02:13 MDT 2026
# Start of session at: Tue Jun 16 17:10:12 2026
# Process ID         : 56535
# Current directory  : /home/page/Work/C0-CPU/hardware/C0_vivado/C0_vivado.runs/synth_1
# Command line       : vivado -log ALU.vds -product Vivado -mode batch -messageDb vivado.pb -notrace -source ALU.tcl
# Log file           : /home/page/Work/C0-CPU/hardware/C0_vivado/C0_vivado.runs/synth_1/ALU.vds
# Journal file       : /home/page/Work/C0-CPU/hardware/C0_vivado/C0_vivado.runs/synth_1/vivado.jou
# Running On         : Desktop
# Platform           : Ubuntu
# Operating System   : Ubuntu 24.04.4 LTS
# Processor Detail   : 12th Gen Intel(R) Core(TM) i5-12600K
# CPU Frequency      : 4500.000 MHz
# CPU Physical cores : 10
# CPU Logical cores  : 16
# Host memory        : 33378 MB
# Swap memory        : 536 MB
# Total Virtual      : 33915 MB
# Available Virtual  : 21838 MB
#-----------------------------------------------------------
source ALU.tcl -notrace
